// Jest Snapshot v1, https://goo.gl/fbAQLP

exports[`Should render Header Correctly 1`] = `
<div>
  <h1>
    Extensify
  </h1>
  <NavLink
    activeClassName="is-active"
    exact={true}
    to="/"
  >
    Home
  </NavLink>
  <NavLink
    activeClassName="is-active"
    to="/create"
  >
    Create
  </NavLink>
  <NavLink
    activeClassName="is-active"
    to="/help"
  >
    Help
  </NavLink>
</div>
`;
